
> prepetual@1.0.0 build
> tsx script/build.ts

building client...
[36mvite v5.4.20 [32mbuilding for production...[36m[39m
transforming...
node.exe : 
At C:\Program Files\nodejs\npm.ps1:29 char:3
+   & $NODE_EXE $NPM_CLI_JS $args
+   ~~~~~~~~~~~~~~~~~~~~~~~~~~~~~
    + CategoryInfo          : NotSpecified: (:String) [], RemoteException
    + FullyQualifiedErrorId : NativeCommandError
 
A PostCSS plugin did not pass the `from` option to `postcss.parse`. This may 
cause imported assets to be incorrectly transformed. If you've recently added 
a PostCSS plugin that raised this warning, please contact the package author 
to fix the issue.
[32mΓ£ô[39m 3383 modules transformed.
rendering chunks...
computing gzip size...
[2m../dist/public/[22m[32mindex.html                                                    [39m[1m[2m    2.64 kB[22m[1m[22m[2m Γöé gzip:   1.02 kB[22m
[2m../dist/public/[22m[32massets/KaTeX_Size3-Regular-CTq5MqoE.woff                      [39m[1m[2m    4.42 kB[22m[1m[22m
[2m../dist/public/[22m[32massets/KaTeX_Size4-Regular-Dl5lxZxV.woff2                     [39m[1m[2m    4.93 kB[22m[1m[22m
[2m../dist/public/[22m[32massets/KaTeX_Size2-Regular-Dy4dx90m.woff2                     [39m[1m[2m    5.21 kB[22m[1m[22m
[2m../dist/public/[22m[32massets/KaTeX_Size1-Regular-mCD8mA8B.woff2                     [39m[1m[2m    5.47 kB[22m[1m[22m
[2m../dist/public/[22m[32massets/KaTeX_Size4-Regular-BF-4gkZK.woff                      [39m[1m[2m    5.98 kB[22m[1m[22m
[2m../dist/public/[22m[32massets/KaTeX_Size2-Regular-oD1tc_U0.woff                      [39m[1m[2m    6.19 kB[22m[1m[22m
[2m../dist/public/[22m[32massets/KaTeX_Size1-Regular-C195tn64.woff                      [39m[1m[2m    6.50 kB[22m[1m[22m
[2m../dist/public/[22m[32massets/KaTeX_Caligraphic-Regular-Di6jR-x-.woff2               [39m[1m[2m    6.91 kB[22m[1m[22m
[2m../dist/public/[22m[32massets/KaTeX_Caligraphic-Bold-Dq_IR9rO.woff2                  [39m[1m[2m    6.91 kB[22m[1m[22m
[2m../dist/public/[22m[32massets/KaTeX_Size3-Regular-DgpXs0kz.ttf                       [39m[1m[2m    7.59 kB[22m[1m[22m
[2m../dist/public/[22m[32massets/KaTeX_Caligraphic-Regular-CTRA-rTL.woff                [39m[1m[2m    7.66 kB[22m[1m[22m
[2m../dist/public/[22m[32massets/KaTeX_Caligraphic-Bold-BEiXGLvX.woff                   [39m[1m[2m    7.72 kB[22m[1m[22m
[2m../dist/public/[22m[32massets/image_1765894870887-DBfrQS9M.png                       [39m[1m[2m    8.16 kB[22m[1m[22m
[2m../dist/public/[22m[32massets/KaTeX_Script-Regular-D3wIWfF6.woff2                    [39m[1m[2m    9.64 kB[22m[1m[22m
[2m../dist/public/[22m[32massets/favicon_prepetual_1768124938772-C4uHslQ0.png           [39m[1m[2m    9.87 kB[22m[1m[22m
[2m../dist/public/[22m[32massets/KaTeX_SansSerif-Regular-DDBCnlJ7.woff2                 [39m[1m[2m   10.34 kB[22m[1m[22m
[2m../dist/public/[22m[32massets/KaTeX_Size4-Regular-DWFBv043.ttf                       [39m[1m[2m   10.36 kB[22m[1m[22m
[2m../dist/public/[22m[32massets/KaTeX_Script-Regular-D5yQViql.woff                     [39m[1m[2m   10.59 kB[22m[1m[22m
[2m../dist/public/[22m[32massets/KaTeX_Fraktur-Regular-CTYiF6lA.woff2                   [39m[1m[2m   11.32 kB[22m[1m[22m
[2m../dist/public/[22m[32massets/KaTeX_Fraktur-Bold-CL6g_b3V.woff2                      [39m[1m[2m   11.35 kB[22m[1m[22m
[2m../dist/public/[22m[32massets/KaTeX_Size2-Regular-B7gKUWhC.ttf                       [39m[1m[2m   11.51 kB[22m[1m[22m
[2m../dist/public/[22m[32massets/KaTeX_SansSerif-Italic-C3H0VqGB.woff2                  [39m[1m[2m   12.03 kB[22m[1m[22m
[2m../dist/public/[22m[32massets/KaTeX_SansSerif-Bold-D1sUS0GD.woff2                    [39m[1m[2m   12.22 kB[22m[1m[22m
[2m../dist/public/[22m[32massets/KaTeX_Size1-Regular-Dbsnue_I.ttf                       [39m[1m[2m   12.23 kB[22m[1m[22m
[2m../dist/public/[22m[32massets/KaTeX_SansSerif-Regular-CS6fqUqJ.woff                  [39m[1m[2m   12.32 kB[22m[1m[22m
[2m../dist/public/[22m[32massets/KaTeX_Caligraphic-Regular-wX97UBjC.ttf                 [39m[1m[2m   12.34 kB[22m[1m[22m
[2m../dist/public/[22m[32massets/KaTeX_Caligraphic-Bold-ATXxdsX0.ttf                    [39m[1m[2m   12.37 kB[22m[1m[22m
[2m../dist/public/[22m[32massets/KaTeX_Fraktur-Regular-Dxdc4cR9.woff                    [39m[1m[2m   13.21 kB[22m[1m[22m
[2m../dist/public/[22m[32massets/KaTeX_Fraktur-Bold-BsDP51OF.woff                       [39m[1m[2m   13.30 kB[22m[1m[22m
[2m../dist/public/[22m[32massets/KaTeX_Typewriter-Regular-CO6r4hn1.woff2                [39m[1m[2m   13.57 kB[22m[1m[22m
[2m../dist/public/[22m[32massets/KaTeX_SansSerif-Italic-DN2j7dab.woff                   [39m[1m[2m   14.11 kB[22m[1m[22m
[2m../dist/public/[22m[32massets/KaTeX_SansSerif-Bold-DbIhKOiC.woff                     [39m[1m[2m   14.41 kB[22m[1m[22m
[2m../dist/public/[22m[32massets/KaTeX_Typewriter-Regular-C0xS9mPB.woff                 [39m[1m[2m   16.03 kB[22m[1m[22m
[2m../dist/public/[22m[32massets/KaTeX_Math-BoldItalic-CZnvNsCZ.woff2                   [39m[1m[2m   16.40 kB[22m[1m[22m
[2m../dist/public/[22m[32massets/KaTeX_Math-Italic-t53AETM-.woff2                       [39m[1m[2m   16.44 kB[22m[1m[22m
[2m../dist/public/[22m[32massets/KaTeX_Script-Regular-C5JkGWo-.ttf                      [39m[1m[2m   16.65 kB[22m[1m[22m
[2m../dist/public/[22m[32massets/KaTeX_Main-BoldItalic-DxDJ3AOS.woff2                   [39m[1m[2m   16.78 kB[22m[1m[22m
[2m../dist/public/[22m[32massets/KaTeX_Main-Italic-NWA7e6Wa.woff2                       [39m[1m[2m   16.99 kB[22m[1m[22m
[2m../dist/public/[22m[32massets/KaTeX_Math-BoldItalic-iY-2wyZ7.woff                    [39m[1m[2m   18.67 kB[22m[1m[22m
[2m../dist/public/[22m[32massets/KaTeX_Math-Italic-DA0__PXp.woff                        [39m[1m[2m   18.75 kB[22m[1m[22m
[2m../dist/public/[22m[32massets/KaTeX_Main-BoldItalic-SpSLRI95.woff                    [39m[1m[2m   19.41 kB[22m[1m[22m
[2m../dist/public/[22m[32massets/KaTeX_SansSerif-Regular-BNo7hRIc.ttf                   [39m[1m[2m   19.44 kB[22m[1m[22m
[2m../dist/public/[22m[32massets/KaTeX_Fraktur-Regular-CB_wures.ttf                     [39m[1m[2m   19.57 kB[22m[1m[22m
[2m../dist/public/[22m[32massets/KaTeX_Fraktur-Bold-BdnERNNW.ttf                        [39m[1m[2m   19.58 kB[22m[1m[22m
[2m../dist/public/[22m[32massets/KaTeX_Main-Italic-BMLOBm91.woff                        [39m[1m[2m   19.68 kB[22m[1m[22m
[2m../dist/public/[22m[32massets/KaTeX_SansSerif-Italic-YYjJ1zSn.ttf                    [39m[1m[2m   22.36 kB[22m[1m[22m
[2m../dist/public/[22m[32massets/KaTeX_SansSerif-Bold-CFMepnvq.ttf                      [39m[1m[2m   24.50 kB[22m[1m[22m
[2m../dist/public/[22m[32massets/KaTeX_Main-Bold-Cx986IdX.woff2                         [39m[1m[2m   25.32 kB[22m[1m[22m
[2m../dist/public/[22m[32massets/KaTeX_Main-Regular-B22Nviop.woff2                      [39m[1m[2m   26.27 kB[22m[1m[22m
[2m../dist/public/[22m[32massets/image-removebg-preview_(2)_1769320540513-D4axt4tb.png  [39m[1m[2m   26.62 kB[22m[1m[22m
[2m../dist/public/[22m[32massets/KaTeX_Typewriter-Regular-D3Ib7_Hf.ttf                  [39m[1m[2m   27.56 kB[22m[1m[22m
[2m../dist/public/[22m[32massets/KaTeX_AMS-Regular-BQhdFMY1.woff2                       [39m[1m[2m   28.08 kB[22m[1m[22m
[2m../dist/public/[22m[32massets/KaTeX_Main-Bold-Jm3AIy58.woff                          [39m[1m[2m   29.91 kB[22m[1m[22m
[2m../dist/public/[22m[32massets/KaTeX_Main-Regular-Dr94JaBh.woff                       [39m[1m[2m   30.77 kB[22m[1m[22m
[2m../dist/public/[22m[32massets/KaTeX_Math-BoldItalic-B3XSjfu4.ttf                     [39m[1m[2m   31.20 kB[22m[1m[22m
[2m../dist/public/[22m[32massets/KaTeX_Math-Italic-flOr_0UB.ttf                         [39m[1m[2m   31.31 kB[22m[1m[22m
[2m../dist/public/[22m[32massets/KaTeX_Main-BoldItalic-DzxPMmG6.ttf                     [39m[1m[2m   32.97 kB[22m[1m[22m
[2m../dist/public/[22m[32massets/KaTeX_AMS-Regular-DMm9YOAa.woff                        [39m[1m[2m   33.52 kB[22m[1m[22m
[2m../dist/public/[22m[32massets/KaTeX_Main-Italic-3WenGoN9.ttf                         [39m[1m[2m   33.58 kB[22m[1m[22m
[2m../dist/public/[22m[32massets/KaTeX_Main-Bold-waoOVXN0.ttf                           [39m[1m[2m   51.34 kB[22m[1m[22m
[2m../dist/public/[22m[32massets/KaTeX_Main-Regular-ypZvNtVU.ttf                        [39m[1m[2m   53.58 kB[22m[1m[22m
[2m../dist/public/[22m[32massets/KaTeX_AMS-Regular-DRggAlZN.ttf                         [39m[1m[2m   63.63 kB[22m[1m[22m
[2m../dist/public/[22m[32massets/flashcards_learning__d59b1982-DO2zQd36.jpg             [39m[1m[2m   90.47 kB[22m[1m[22m
[2m../dist/public/[22m[32massets/time_management_cloc_681d2dae-BzNzX291.jpg             [39m[1m[2m  136.39 kB[22m[1m[22m
[2m../dist/public/[22m[32massets/online_learning_digi_42d10943-DDkYQmF7.jpg             [39m[1m[2m  226.26 kB[22m[1m[22m
[2m../dist/public/[22m[32massets/technology_apps_on_s_c5006dad-CcFn-5pu.jpg             [39m[1m[2m  231.32 kB[22m[1m[22m
[2m../dist/public/[22m[32massets/brain_memory_learnin_6d97ed0d-CdeKuU1B.jpg             [39m[1m[2m  234.06 kB[22m[1m[22m
[2m../dist/public/[22m[32massets/education_technology_2b7a5460-BgaErTfm.jpg             [39m[1m[2m  249.52 kB[22m[1m[22m
[2m../dist/public/[22m[32massets/mobile_phone_apps_st_f5343544-DzWv9OkS.jpg             [39m[1m[2m  257.24 kB[22m[1m[22m
[2m../dist/public/[22m[32massets/group_study_collabor_4040bda8--J1sv_8v.jpg             [39m[1m[2m  258.15 kB[22m[1m[22m
[2m../dist/public/[22m[32massets/laptop_computer_stud_429719bb-9Z6kuWk3.jpg             [39m[1m[2m  277.35 kB[22m[1m[22m
[2m../dist/public/[22m[32massets/student_studying_exa_4e0e4082-BdZ0TF3S.jpg             [39m[1m[2m  316.39 kB[22m[1m[22m
[2m../dist/public/[22m[32massets/artificial_intellige_de833e12-Dwya0IUN.jpg             [39m[1m[2m  347.30 kB[22m[1m[22m
[2m../dist/public/[22m[32massets/organized_student_de_5cb006a3-BkrVkhzJ.jpg             [39m[1m[2m  395.27 kB[22m[1m[22m
[2m../dist/public/[22m[35massets/index-B4fZvn4v.css                                     [39m[1m[2m  234.51 kB[22m[1m[22m[2m Γöé gzip:  37.60 kB[22m
[2m../dist/public/[22m[36massets/index-BmsdrWgk.js                                      [39m[1m[33m2,183.18 kB[39m[22m[2m Γöé gzip: 628.83 kB[22m
[33m
(!) Some chunks are larger than 500 kB after minification. Consider:
- Using dynamic import() to code-split the application
- Use build.rollupOptions.output.manualChunks to improve chunking: 
https://rollupjs.org/configuration-options/#output-manualchunks
- Adjust chunk size limit for this warning via 
build.chunkSizeWarningLimit.[39m
[32mΓ£ô built in 15.23s[39m
building server...

  dist\index.mjs  1.6mb

Done in 415ms
